// Jest Snapshot v1, https://goo.gl/fbAQLP

exports[`components/columns/NextRace renders correctly 1`] = `
<td>
  <div>
    Wed 14:45
  </div>
</td>
`;
